DxLib_vs2015_x64_MT.lib(DxModelLoader1.obj) : error LNK2001: 外部シンボル "unsigned __int64 __cdecl fbxsdk::FbxAllocSize(unsigned __int64,unsigned __int64)" (?FbxAllocSize@fbxsdk@@YA_K_K0@Z) は未解決です
DxLib_vs2015_x64_MT.lib(DxModelLoader1.obj) : error LNK2001: 外部シンボル "void * __cdecl fbxsdk::FbxMalloc(unsigned __int64)" (?FbxMalloc@fbxsdk@@YAPEAX_K@Z) は未解決です
DxLib_vs2015_x64_MT.lib(DxModelLoader1.obj) : error LNK2001: 外部シンボル "void __cdecl fbxsdk::FbxFree(void *)" (?FbxFree@fbxsdk@@YAXPEAX@Z) は未解決です
DxLib_vs2015_x64_MT.lib(DxModelLoader1.obj) : error LNK2001: 外部シンボル "public: __cdecl fbxsdk::FbxString::FbxString(class fbxsdk::FbxString const &)" (??0FbxString@fbxsdk@@QEAA@AEBV01@@Z) は未解決です
DxLib_vs2015_x64_MT.lib(DxModelLoader1.obj) : error LNK2001: 外部シンボル "public: __cdecl fbxsdk::FbxString::~FbxString(void)" (??1FbxString@fbxsdk@@QEAA@XZ) は未解決です
DxLib_vs2015_x64_MT.lib(DxModelLoader1.obj) : error LNK2001: 外部シンボル "public: char * __cdecl fbxsdk::FbxString::Buffer(void)" (?Buffer@FbxString@fbxsdk@@QEAAPEADXZ) は未解決です
DxLib_vs2015_x64_MT.lib(DxModelLoader1.obj) : error LNK2001: 外部シンボル "public: __cdecl fbxsdk::FbxString::operator char const *(void)const " (??BFbxString@fbxsdk@@QEBAPEBDXZ) は未解決です
DxLib_vs2015_x64_MT.lib(DxModelLoader1.obj) : error LNK2001: 外部シンボル "public: int __cdecl fbxsdk::FbxString::Compare(char const *)const " (?Compare@FbxString@fbxsdk@@QEBAHPEBD@Z) は未解決です
DxLib_vs2015_x64_MT.lib(DxModelLoader1.obj) : error LNK2001: 外部シンボル "public: static double __cdecl fbxsdk::FbxTime::GetFrameRate(enum fbxsdk::FbxTime::EMode)" (?GetFrameRate@FbxTime@fbxsdk@@SANW4EMode@12@@Z) は未解決です
DxLib_vs2015_x64_MT.lib(DxModelLoader1.obj) : error LNK2001: 外部シンボル "public: double __cdecl fbxsdk::FbxTime::GetFrameCountPrecise(enum fbxsdk::FbxTime::EMode)const " (?GetFrameCountPrecise@FbxTime@fbxsdk@@QEBANW4EMode@12@@Z) は未解決です
DxLib_vs2015_x64_MT.lib(DxModelLoader1.obj) : error LNK2001: 外部シンボル "class fbxsdk::FbxString __cdecl fbxsdk::FbxGetApplicationDirectory(void)" (?FbxGetApplicationDirectory@fbxsdk@@YA?AVFbxString@1@XZ) は未解決です
DxLib_vs2015_x64_MT.lib(DxModelLoader1.obj) : error LNK2001: 外部シンボル "public: __cdecl fbxsdk::FbxVector2::FbxVector2(void)" (??0FbxVector2@fbxsdk@@QEAA@XZ) は未解決です
DxLib_vs2015_x64_MT.lib(DxModelLoader1.obj) : error LNK2001: 外部シンボル "public: __cdecl fbxsdk::FbxVector4::FbxVector4(void)" (??0FbxVector4@fbxsdk@@QEAA@XZ) は未解決です
DxLib_vs2015_x64_MT.lib(DxModelLoader1.obj) : error LNK2001: 外部シンボル "public: class fbxsdk::FbxVector4 & __cdecl fbxsdk::FbxVector4::operator=(class fbxsdk::FbxVector4 const &)" (??4FbxVector4@fbxsdk@@QEAAAEAV01@AEBV01@@Z) は未解決です
DxLib_vs2015_x64_MT.lib(DxModelLoader1.obj) : error LNK2001: 外部シンボル "public: __cdecl fbxsdk::FbxAMatrix::FbxAMatrix(void)" (??0FbxAMatrix@fbxsdk@@QEAA@XZ) は未解決です
DxLib_vs2015_x64_MT.lib(DxModelLoader1.obj) : error LNK2001: 外部シンボル "public: __cdecl fbxsdk::FbxAMatrix::~FbxAMatrix(void)" (??1FbxAMatrix@fbxsdk@@QEAA@XZ) は未解決です
DxLib_vs2015_x64_MT.lib(DxModelLoader1.obj) : error LNK2001: 外部シンボル "public: bool __cdecl fbxsdk::FbxClassId::Is(class fbxsdk::FbxClassId const &)const " (?Is@FbxClassId@fbxsdk@@QEBA_NAEBV12@@Z) は未解決です
DxLib_vs2015_x64_MT.lib(DxModelLoader1.obj) : error LNK2001: 外部シンボル "public: __cdecl fbxsdk::FbxColor::FbxColor(void)" (??0FbxColor@fbxsdk@@QEAA@XZ) は未解決です
DxLib_vs2015_x64_MT.lib(DxModelLoader1.obj) : error LNK2001: 外部シンボル "public: __cdecl fbxsdk::FbxColor::~FbxColor(void)" (??1FbxColor@fbxsdk@@QEAA@XZ) は未解決です
DxLib_vs2015_x64_MT.lib(DxModelLoader1.obj) : error LNK2001: 外部シンボル "public: __cdecl fbxsdk::FbxPropertyHandle::~FbxPropertyHandle(void)" (??1FbxPropertyHandle@fbxsdk@@QEAA@XZ) は未解決です
DxLib_vs2015_x64_MT.lib(DxModelLoader1.obj) : error LNK2001: 外部シンボル "public: class fbxsdk::FbxPropertyHandle __cdecl fbxsdk::FbxPropertyHandle::Find(char const *,bool)const " (?Find@FbxPropertyHandle@fbxsdk@@QEBA?AV12@PEBD_N@Z) は未解決です
DxLib_vs2015_x64_MT.lib(DxModelLoader1.obj) : error LNK2001: 外部シンボル "public: static class fbxsdk::FbxCriteria __cdecl fbxsdk::FbxCriteria::ObjectType(class fbxsdk::FbxClassId const &)" (?ObjectType@FbxCriteria@fbxsdk@@SA?AV12@AEBVFbxClassId@2@@Z) は未解決です
DxLib_vs2015_x64_MT.lib(DxModelLoader1.obj) : error LNK2001: 外部シンボル "public: __cdecl fbxsdk::FbxCriteria::~FbxCriteria(void)" (??1FbxCriteria@fbxsdk@@QEAA@XZ) は未解決です
DxLib_vs2015_x64_MT.lib(DxModelLoader1.obj) : error LNK2001: 外部シンボル "public: __cdecl fbxsdk::FbxProperty::FbxProperty(void)" (??0FbxProperty@fbxsdk@@QEAA@XZ) は未解決です
DxLib_vs2015_x64_MT.lib(DxModelLoader1.obj) : error LNK2001: 外部シンボル "public: __cdecl fbxsdk::FbxProperty::FbxProperty(class fbxsdk::FbxPropertyHandle const &)" (??0FbxProperty@fbxsdk@@QEAA@AEBVFbxPropertyHandle@1@@Z) は未解決です
DxLib_vs2015_x64_MT.lib(DxModelLoader1.obj) : error LNK2001: 外部シンボル "public: __cdecl fbxsdk::FbxProperty::~FbxProperty(void)" (??1FbxProperty@fbxsdk@@QEAA@XZ) は未解決です
DxLib_vs2015_x64_MT.lib(DxModelLoader1.obj) : error LNK2001: 外部シンボル "public: class fbxsdk::FbxString __cdecl fbxsdk::FbxProperty::GetName(void)const " (?GetName@FbxProperty@fbxsdk@@QEBA?AVFbxString@2@XZ) は未解決です
DxLib_vs2015_x64_MT.lib(DxModelLoader1.obj) : error LNK2001: 外部シンボル "public: class fbxsdk::FbxProperty & __cdecl fbxsdk::FbxProperty::operator=(class fbxsdk::FbxProperty const &)" (??4FbxProperty@fbxsdk@@QEAAAEAV01@AEBV01@@Z) は未解決です
DxLib_vs2015_x64_MT.lib(DxModelLoader1.obj) : error LNK2001: 外部シンボル "public: class fbxsdk::FbxAnimCurve * __cdecl fbxsdk::FbxProperty::GetCurve(class fbxsdk::FbxAnimLayer *,char const *,char const *,bool)" (?GetCurve@FbxProperty@fbxsdk@@QEAAPEAVFbxAnimCurve@2@PEAVFbxAnimLayer@2@PEBD1_N@Z) は未解決です
DxLib_vs2015_x64_MT.lib(DxModelLoader1.obj) : error LNK2001: 外部シンボル "public: int __cdecl fbxsdk::FbxProperty::GetSrcObjectCount(class fbxsdk::FbxCriteria const &)const " (?GetSrcObjectCount@FbxProperty@fbxsdk@@QEBAHAEBVFbxCriteria@2@@Z) は未解決です
DxLib_vs2015_x64_MT.lib(DxModelLoader1.obj) : error LNK2001: 外部シンボル "public: class fbxsdk::FbxObject * __cdecl fbxsdk::FbxProperty::GetSrcObject(class fbxsdk::FbxCriteria const &,int)const " (?GetSrcObject@FbxProperty@fbxsdk@@QEBAPEAVFbxObject@2@AEBVFbxCriteria@2@H@Z) は未解決です
DxLib_vs2015_x64_MT.lib(DxModelLoader1.obj) : error LNK2001: 外部シンボル "protected: bool __cdecl fbxsdk::FbxProperty::Get(void *,enum fbxsdk::EFbxType const &)const " (?Get@FbxProperty@fbxsdk@@IEBA_NPEAXAEBW4EFbxType@2@@Z) は未解決です
DxLib_vs2015_x64_MT.lib(DxModelLoader1.obj) : error LNK2001: 外部シンボル "public: void __cdecl fbxsdk::FbxObject::Destroy(bool)" (?Destroy@FbxObject@fbxsdk@@QEAAX_N@Z) は未解決です
DxLib_vs2015_x64_MT.lib(DxModelLoader1.obj) : error LNK2001: 外部シンボル "public: char const * __cdecl fbxsdk::FbxObject::GetName(void)const " (?GetName@FbxObject@fbxsdk@@QEBAPEBDXZ) は未解決です
DxLib_vs2015_x64_MT.lib(DxModelLoader1.obj) : error LNK2001: 外部シンボル "public: static class fbxsdk::FbxManager * __cdecl fbxsdk::FbxManager::Create(void)" (?Create@FbxManager@fbxsdk@@SAPEAV12@XZ) は未解決です
DxLib_vs2015_x64_MT.lib(DxModelLoader1.obj) : error LNK2001: 外部シンボル "public: class fbxsdk::FbxIOPluginRegistry * __cdecl fbxsdk::FbxManager::GetIOPluginRegistry(void)const " (?GetIOPluginRegistry@FbxManager@fbxsdk@@QEBAPEAVFbxIOPluginRegistry@2@XZ) は未解決です
DxLib_vs2015_x64_MT.lib(DxModelLoader1.obj) : error LNK2001: 外部シンボル "public: bool __cdecl fbxsdk::FbxManager::LoadPluginsDirectory(char const *,char const *)" (?LoadPluginsDirectory@FbxManager@fbxsdk@@QEAA_NPEBD0@Z) は未解決です
DxLib_vs2015_x64_MT.lib(DxModelLoader1.obj) : error LNK2001: 外部シンボル "public: static class fbxsdk::FbxIOSettings * __cdecl fbxsdk::FbxIOSettings::Create(class fbxsdk::FbxManager *,char const *)" (?Create@FbxIOSettings@fbxsdk@@SAPEAV12@PEAVFbxManager@2@PEBD@Z) は未解決です
DxLib_vs2015_x64_MT.lib(DxModelLoader1.obj) : error LNK2001: 外部シンボル "public: void __cdecl fbxsdk::FbxIOSettings::SetBoolProp(char const *,bool)" (?SetBoolProp@FbxIOSettings@fbxsdk@@QEAAXPEBD_N@Z) は未解決です
DxLib_vs2015_x64_MT.lib(DxModelLoader1.obj) : error LNK2001: 外部シンボル "public: static class fbxsdk::FbxImporter * __cdecl fbxsdk::FbxImporter::Create(class fbxsdk::FbxManager *,char const *)" (?Create@FbxImporter@fbxsdk@@SAPEAV12@PEAVFbxManager@2@PEBD@Z) は未解決です
DxLib_vs2015_x64_MT.lib(DxModelLoader1.obj) : error LNK2001: 外部シンボル "public: void __cdecl fbxsdk::FbxImporter::GetFileVersion(int &,int &,int &)" (?GetFileVersion@FbxImporter@fbxsdk@@QEAAXAEAH00@Z) は未解決です
DxLib_vs2015_x64_MT.lib(DxModelLoader1.obj) : error LNK2001: 外部シンボル "public: bool __cdecl fbxsdk::FbxImporter::Import(class fbxsdk::FbxDocument *,bool)" (?Import@FbxImporter@fbxsdk@@QEAA_NPEAVFbxDocument@2@_N@Z) は未解決です
DxLib_vs2015_x64_MT.lib(DxModelLoader1.obj) : error LNK2001: 外部シンボル "public: bool __cdecl fbxsdk::FbxImporter::IsFBX(void)" (?IsFBX@FbxImporter@fbxsdk@@QEAA_NXZ) は未解決です
DxLib_vs2015_x64_MT.lib(DxModelLoader1.obj) : error LNK2001: 外部シンボル "public: bool __cdecl fbxsdk::FbxIOPluginRegistry::DetectReaderFileFormat(char const *,int &)const " (?DetectReaderFileFormat@FbxIOPluginRegistry@fbxsdk@@QEBA_NPEBDAEAH@Z) は未解決です
DxLib_vs2015_x64_MT.lib(DxModelLoader1.obj) : error LNK2001: 外部シンボル "public: int __cdecl fbxsdk::FbxNode::GetChildCount(bool)const " (?GetChildCount@FbxNode@fbxsdk@@QEBAH_N@Z) は未解決です
DxLib_vs2015_x64_MT.lib(DxModelLoader1.obj) : error LNK2001: 外部シンボル "public: class fbxsdk::FbxNode * __cdecl fbxsdk::FbxNode::GetChild(int)" (?GetChild@FbxNode@fbxsdk@@QEAAPEAV12@H@Z) は未解決です
DxLib_vs2015_x64_MT.lib(DxModelLoader1.obj) : error LNK2001: 外部シンボル "public: class fbxsdk::FbxNodeAttribute * __cdecl fbxsdk::FbxNode::GetNodeAttribute(void)" (?GetNodeAttribute@FbxNode@fbxsdk@@QEAAPEAVFbxNodeAttribute@2@XZ) は未解決です
DxLib_vs2015_x64_MT.lib(DxModelLoader1.obj) : error LNK2001: 外部シンボル "public: class fbxsdk::FbxVector4 const & __cdecl fbxsdk::FbxNode::GetPreRotation(enum fbxsdk::FbxNode::EPivotSet)const " (?GetPreRotation@FbxNode@fbxsdk@@QEBAAEBVFbxVector4@2@W4EPivotSet@12@@Z) は未解決です
DxLib_vs2015_x64_MT.lib(DxModelLoader1.obj) : error LNK2001: 外部シンボル "public: class fbxsdk::FbxVector4 const & __cdecl fbxsdk::FbxNode::GetPostRotation(enum fbxsdk::FbxNode::EPivotSet)const " (?GetPostRotation@FbxNode@fbxsdk@@QEBAAEBVFbxVector4@2@W4EPivotSet@12@@Z) は未解決です
DxLib_vs2015_x64_MT.lib(DxModelLoader1.obj) : error LNK2001: 外部シンボル "public: int __cdecl fbxsdk::FbxNode::GetMaterialCount(void)const " (?GetMaterialCount@FbxNode@fbxsdk@@QEBAHXZ) は未解決です
DxLib_vs2015_x64_MT.lib(DxModelLoader1.obj) : error LNK2001: 外部シンボル "public: class fbxsdk::FbxSurfaceMaterial * __cdecl fbxsdk::FbxNode::GetMaterial(int)const " (?GetMaterial@FbxNode@fbxsdk@@QEBAPEAVFbxSurfaceMaterial@2@H@Z) は未解決です
DxLib_vs2015_x64_MT.lib(DxModelLoader1.obj) : error LNK2001: 外部シンボル "public: enum fbxsdk::FbxTexture::EWrapMode __cdecl fbxsdk::FbxTexture::GetWrapModeU(void)const " (?GetWrapModeU@FbxTexture@fbxsdk@@QEBA?AW4EWrapMode@12@XZ) は未解決です
DxLib_vs2015_x64_MT.lib(DxModelLoader1.obj) : error LNK2001: 外部シンボル "public: enum fbxsdk::FbxTexture::EWrapMode __cdecl fbxsdk::FbxTexture::GetWrapModeV(void)const " (?GetWrapModeV@FbxTexture@fbxsdk@@QEBA?AW4EWrapMode@12@XZ) は未解決です
DxLib_vs2015_x64_MT.lib(DxModelLoader1.obj) : error LNK2001: 外部シンボル "public: double __cdecl fbxsdk::FbxTexture::GetScaleU(void)const " (?GetScaleU@FbxTexture@fbxsdk@@QEBANXZ) は未解決です
DxLib_vs2015_x64_MT.lib(DxModelLoader1.obj) : error LNK2001: 外部シンボル "public: double __cdecl fbxsdk::FbxTexture::GetScaleV(void)const " (?GetScaleV@FbxTexture@fbxsdk@@QEBANXZ) は未解決です
DxLib_vs2015_x64_MT.lib(DxModelLoader1.obj) : error LNK2001: 外部シンボル "public: int __cdecl fbxsdk::FbxLayerElementArray::GetCount(void)const " (?GetCount@FbxLayerElementArray@fbxsdk@@QEBAHXZ) は未解決です
DxLib_vs2015_x64_MT.lib(DxModelLoader1.obj) : error LNK2001: 外部シンボル "public: bool __cdecl fbxsdk::FbxLayerElementArray::GetAt(int,void * *,enum fbxsdk::EFbxType)const " (?GetAt@FbxLayerElementArray@fbxsdk@@QEBA_NHPEAPEAXW4EFbxType@2@@Z) は未解決です
DxLib_vs2015_x64_MT.lib(DxModelLoader1.obj) : error LNK2001: 外部シンボル "public: enum fbxsdk::FbxTime::EMode __cdecl fbxsdk::FbxGlobalSettings::GetTimeMode(void)const " (?GetTimeMode@FbxGlobalSettings@fbxsdk@@QEBA?AW4EMode@FbxTime@2@XZ) は未解決です
DxLib_vs2015_x64_MT.lib(DxModelLoader1.obj) : error LNK2001: 外部シンボル "public: double __cdecl fbxsdk::FbxGlobalSettings::GetCustomFrameRate(void)const " (?GetCustomFrameRate@FbxGlobalSettings@fbxsdk@@QEBANXZ) は未解決です
DxLib_vs2015_x64_MT.lib(DxModelLoader1.obj) : error LNK2001: 外部シンボル "public: static class fbxsdk::FbxScene * __cdecl fbxsdk::FbxScene::Create(class fbxsdk::FbxManager *,char const *)" (?Create@FbxScene@fbxsdk@@SAPEAV12@PEAVFbxManager@2@PEBD@Z) は未解決です
DxLib_vs2015_x64_MT.lib(DxModelLoader1.obj) : error LNK2001: 外部シンボル "public: class fbxsdk::FbxNode * __cdecl fbxsdk::FbxScene::GetRootNode(void)const " (?GetRootNode@FbxScene@fbxsdk@@QEBAPEAVFbxNode@2@XZ) は未解決です
DxLib_vs2015_x64_MT.lib(DxModelLoader1.obj) : error LNK2001: 外部シンボル "public: class fbxsdk::FbxGlobalSettings & __cdecl fbxsdk::FbxScene::GetGlobalSettings(void)" (?GetGlobalSettings@FbxScene@fbxsdk@@QEAAAEAVFbxGlobalSettings@2@XZ) は未解決です
DxLib_vs2015_x64_MT.lib(DxModelLoader1.obj) : error LNK2001: 外部シンボル "public: int __cdecl fbxsdk::FbxBlendShape::GetBlendShapeChannelCount(void)const " (?GetBlendShapeChannelCount@FbxBlendShape@fbxsdk@@QEBAHXZ) は未解決です
DxLib_vs2015_x64_MT.lib(DxModelLoader1.obj) : error LNK2001: 外部シンボル "public: class fbxsdk::FbxBlendShapeChannel * __cdecl fbxsdk::FbxBlendShape::GetBlendShapeChannel(int)" (?GetBlendShapeChannel@FbxBlendShape@fbxsdk@@QEAAPEAVFbxBlendShapeChannel@2@H@Z) は未解決です
DxLib_vs2015_x64_MT.lib(DxModelLoader1.obj) : error LNK2001: 外部シンボル "public: class fbxsdk::FbxShape * __cdecl fbxsdk::FbxBlendShapeChannel::GetTargetShape(int)" (?GetTargetShape@FbxBlendShapeChannel@fbxsdk@@QEAAPEAVFbxShape@2@H@Z) は未解決です
DxLib_vs2015_x64_MT.lib(DxModelLoader1.obj) : error LNK2001: 外部シンボル "public: class fbxsdk::FbxNode * __cdecl fbxsdk::FbxCluster::GetLink(void)" (?GetLink@FbxCluster@fbxsdk@@QEAAPEAVFbxNode@2@XZ) は未解決です
DxLib_vs2015_x64_MT.lib(DxModelLoader1.obj) : error LNK2001: 外部シンボル "public: int __cdecl fbxsdk::FbxCluster::GetControlPointIndicesCount(void)const " (?GetControlPointIndicesCount@FbxCluster@fbxsdk@@QEBAHXZ) は未解決です
DxLib_vs2015_x64_MT.lib(DxModelLoader1.obj) : error LNK2001: 外部シンボル "public: int * __cdecl fbxsdk::FbxCluster::GetControlPointIndices(void)const " (?GetControlPointIndices@FbxCluster@fbxsdk@@QEBAPEAHXZ) は未解決です
DxLib_vs2015_x64_MT.lib(DxModelLoader1.obj) : error LNK2001: 外部シンボル "public: double * __cdecl fbxsdk::FbxCluster::GetControlPointWeights(void)const " (?GetControlPointWeights@FbxCluster@fbxsdk@@QEBAPEANXZ) は未解決です
DxLib_vs2015_x64_MT.lib(DxModelLoader1.obj) : error LNK2001: 外部シンボル "public: class fbxsdk::FbxAMatrix & __cdecl fbxsdk::FbxCluster::GetTransformMatrix(class fbxsdk::FbxAMatrix &)const " (?GetTransformMatrix@FbxCluster@fbxsdk@@QEBAAEAVFbxAMatrix@2@AEAV32@@Z) は未解決です
DxLib_vs2015_x64_MT.lib(DxModelLoader1.obj) : error LNK2001: 外部シンボル "public: class fbxsdk::FbxAMatrix & __cdecl fbxsdk::FbxCluster::GetTransformLinkMatrix(class fbxsdk::FbxAMatrix &)const " (?GetTransformLinkMatrix@FbxCluster@fbxsdk@@QEBAAEAVFbxAMatrix@2@AEAV32@@Z) は未解決です
DxLib_vs2015_x64_MT.lib(DxModelLoader1.obj) : error LNK2001: 外部シンボル "public: int __cdecl fbxsdk::FbxLayerContainer::GetLayerCount(void)const " (?GetLayerCount@FbxLayerContainer@fbxsdk@@QEBAHXZ) は未解決です
DxLib_vs2015_x64_MT.lib(DxModelLoader1.obj) : error LNK2001: 外部シンボル "public: class fbxsdk::FbxLayerElementNormal * __cdecl fbxsdk::FbxGeometryBase::GetElementNormal(int)" (?GetElementNormal@FbxGeometryBase@fbxsdk@@QEAAPEAVFbxLayerElementNormal@2@H@Z) は未解決です
DxLib_vs2015_x64_MT.lib(DxModelLoader1.obj) : error LNK2001: 外部シンボル "public: int __cdecl fbxsdk::FbxGeometryBase::GetElementNormalCount(void)const " (?GetElementNormalCount@FbxGeometryBase@fbxsdk@@QEBAHXZ) は未解決です
DxLib_vs2015_x64_MT.lib(DxModelLoader1.obj) : error LNK2001: 外部シンボル "public: class fbxsdk::FbxLayerElementBinormal * __cdecl fbxsdk::FbxGeometryBase::GetElementBinormal(int)" (?GetElementBinormal@FbxGeometryBase@fbxsdk@@QEAAPEAVFbxLayerElementBinormal@2@H@Z) は未解決です
DxLib_vs2015_x64_MT.lib(DxModelLoader1.obj) : error LNK2001: 外部シンボル "public: int __cdecl fbxsdk::FbxGeometryBase::GetElementBinormalCount(void)const " (?GetElementBinormalCount@FbxGeometryBase@fbxsdk@@QEBAHXZ) は未解決です
DxLib_vs2015_x64_MT.lib(DxModelLoader1.obj) : error LNK2001: 外部シンボル "public: class fbxsdk::FbxLayerElementTangent * __cdecl fbxsdk::FbxGeometryBase::GetElementTangent(int)" (?GetElementTangent@FbxGeometryBase@fbxsdk@@QEAAPEAVFbxLayerElementTangent@2@H@Z) は未解決です
DxLib_vs2015_x64_MT.lib(DxModelLoader1.obj) : error LNK2001: 外部シンボル "public: int __cdecl fbxsdk::FbxGeometryBase::GetElementTangentCount(void)const " (?GetElementTangentCount@FbxGeometryBase@fbxsdk@@QEBAHXZ) は未解決です
DxLib_vs2015_x64_MT.lib(DxModelLoader1.obj) : error LNK2001: 外部シンボル "public: class fbxsdk::FbxLayerElementMaterial * __cdecl fbxsdk::FbxGeometryBase::GetElementMaterial(int)" (?GetElementMaterial@FbxGeometryBase@fbxsdk@@QEAAPEAVFbxLayerElementMaterial@2@H@Z) は未解決です
DxLib_vs2015_x64_MT.lib(DxModelLoader1.obj) : error LNK2001: 外部シンボル "public: int __cdecl fbxsdk::FbxGeometryBase::GetElementMaterialCount(void)const " (?GetElementMaterialCount@FbxGeometryBase@fbxsdk@@QEBAHXZ) は未解決です
DxLib_vs2015_x64_MT.lib(DxModelLoader1.obj) : error LNK2001: 外部シンボル "public: class fbxsdk::FbxLayerElementVertexColor * __cdecl fbxsdk::FbxGeometryBase::GetElementVertexColor(int)" (?GetElementVertexColor@FbxGeometryBase@fbxsdk@@QEAAPEAVFbxLayerElementVertexColor@2@H@Z) は未解決です
DxLib_vs2015_x64_MT.lib(DxModelLoader1.obj) : error LNK2001: 外部シンボル "public: int __cdecl fbxsdk::FbxGeometryBase::GetElementVertexColorCount(void)const " (?GetElementVertexColorCount@FbxGeometryBase@fbxsdk@@QEBAHXZ) は未解決です
DxLib_vs2015_x64_MT.lib(DxModelLoader1.obj) : error LNK2001: 外部シンボル "public: class fbxsdk::FbxLayerElementUV * __cdecl fbxsdk::FbxGeometryBase::GetElementUV(int,enum fbxsdk::FbxLayerElement::EType)" (?GetElementUV@FbxGeometryBase@fbxsdk@@QEAAPEAVFbxLayerElementUV@2@HW4EType@FbxLayerElement@2@@Z) は未解決です
DxLib_vs2015_x64_MT.lib(DxModelLoader1.obj) : error LNK2001: 外部シンボル "public: int __cdecl fbxsdk::FbxGeometryBase::GetElementUVCount(enum fbxsdk::FbxLayerElement::EType)const " (?GetElementUVCount@FbxGeometryBase@fbxsdk@@QEBAHW4EType@FbxLayerElement@2@@Z) は未解決です
DxLib_vs2015_x64_MT.lib(DxModelLoader1.obj) : error LNK2001: 外部シンボル "public: int __cdecl fbxsdk::FbxGeometry::GetDeformerCount(enum fbxsdk::FbxDeformer::EDeformerType)const " (?GetDeformerCount@FbxGeometry@fbxsdk@@QEBAHW4EDeformerType@FbxDeformer@2@@Z) は未解決です
DxLib_vs2015_x64_MT.lib(DxModelLoader1.obj) : error LNK2001: 外部シンボル "public: class fbxsdk::FbxDeformer * __cdecl fbxsdk::FbxGeometry::GetDeformer(int,enum fbxsdk::FbxDeformer::EDeformerType,class fbxsdk::FbxStatus *)const " (?GetDeformer@FbxGeometry@fbxsdk@@QEBAPEAVFbxDeformer@2@HW4EDeformerType@32@PEAVFbxStatus@2@@Z) は未解決です
DxLib_vs2015_x64_MT.lib(DxModelLoader1.obj) : error LNK2001: 外部シンボル "public: int __cdecl fbxsdk::FbxSkin::GetClusterCount(void)const " (?GetClusterCount@FbxSkin@fbxsdk@@QEBAHXZ) は未解決です
DxLib_vs2015_x64_MT.lib(DxModelLoader1.obj) : error LNK2001: 外部シンボル "public: class fbxsdk::FbxCluster * __cdecl fbxsdk::FbxSkin::GetCluster(int)" (?GetCluster@FbxSkin@fbxsdk@@QEAAPEAVFbxCluster@2@H@Z) は未解決です
DxLib_vs2015_x64_MT.lib(DxModelLoader1.obj) : error LNK2001: 外部シンボル "public: char const * __cdecl fbxsdk::FbxFileTexture::GetRelativeFileName(void)const " (?GetRelativeFileName@FbxFileTexture@fbxsdk@@QEBAPEBDXZ) は未解決です
DxLib_vs2015_x64_MT.lib(DxModelLoader1.obj) : error LNK2001: 外部シンボル "public: bool __cdecl fbxsdk::FbxLayeredTexture::GetTextureBlendMode(int,enum fbxsdk::FbxLayeredTexture::EBlendMode &)const " (?GetTextureBlendMode@FbxLayeredTexture@fbxsdk@@QEBA_NHAEAW4EBlendMode@12@@Z) は未解決です
DxLib_vs2015_x64_MT.lib(DxModelLoader1.obj) : error LNK2001: 外部シンボル "public: static class fbxsdk::FbxClassId fbxsdk::FbxAnimStack::ClassId" (?ClassId@FbxAnimStack@fbxsdk@@2VFbxClassId@2@A) は未解決です
DxLib_vs2015_x64_MT.lib(DxModelLoader1.obj) : error LNK2001: 外部シンボル "public: static char const * const fbxsdk::FbxSurfaceMaterial::sEmissive" (?sEmissive@FbxSurfaceMaterial@fbxsdk@@2PEBDEB) は未解決です
DxLib_vs2015_x64_MT.lib(DxModelLoader1.obj) : error LNK2001: 外部シンボル "public: static char const * const fbxsdk::FbxSurfaceMaterial::sDiffuse" (?sDiffuse@FbxSurfaceMaterial@fbxsdk@@2PEBDEB) は未解決です
DxLib_vs2015_x64_MT.lib(DxModelLoader1.obj) : error LNK2001: 外部シンボル "public: static char const * const fbxsdk::FbxSurfaceMaterial::sSpecular" (?sSpecular@FbxSurfaceMaterial@fbxsdk@@2PEBDEB) は未解決です
DxLib_vs2015_x64_MT.lib(DxModelLoader1.obj) : error LNK2001: 外部シンボル "public: static char const * const fbxsdk::FbxSurfaceMaterial::sShininess" (?sShininess@FbxSurfaceMaterial@fbxsdk@@2PEBDEB) は未解決です
DxLib_vs2015_x64_MT.lib(DxModelLoader1.obj) : error LNK2001: 外部シンボル "public: static char const * const fbxsdk::FbxSurfaceMaterial::sBump" (?sBump@FbxSurfaceMaterial@fbxsdk@@2PEBDEB) は未解決です
DxLib_vs2015_x64_MT.lib(DxModelLoader1.obj) : error LNK2001: 外部シンボル "public: static char const * const fbxsdk::FbxSurfaceMaterial::sNormalMap" (?sNormalMap@FbxSurfaceMaterial@fbxsdk@@2PEBDEB) は未解決です
DxLib_vs2015_x64_MT.lib(DxModelLoader1.obj) : error LNK2001: 外部シンボル "public: static char const * const fbxsdk::FbxSurfaceMaterial::sReflectionFactor" (?sReflectionFactor@FbxSurfaceMaterial@fbxsdk@@2PEBDEB) は未解決です
DxLib_vs2015_x64_MT.lib(DxModelLoader1.obj) : error LNK2001: 外部シンボル "public: static class fbxsdk::FbxClassId fbxsdk::FbxTexture::ClassId" (?ClassId@FbxTexture@fbxsdk@@2VFbxClassId@2@A) は未解決です
DxLib_vs2015_x64_MT.lib(DxModelLoader1.obj) : error LNK2001: 外部シンボル "public: static class fbxsdk::FbxClassId fbxsdk::FbxAnimLayer::ClassId" (?ClassId@FbxAnimLayer@fbxsdk@@2VFbxClassId@2@A) は未解決です
DxLib_vs2015_x64_MT.lib(DxModelLoader1.obj) : error LNK2001: 外部シンボル "public: static class fbxsdk::FbxClassId fbxsdk::FbxFileTexture::ClassId" (?ClassId@FbxFileTexture@fbxsdk@@2VFbxClassId@2@A) は未解決です
DxLib_vs2015_x64_MT.lib(DxModelLoader1.obj) : error LNK2001: 外部シンボル "public: static class fbxsdk::FbxClassId fbxsdk::FbxLayeredTexture::ClassId" (?ClassId@FbxLayeredTexture@fbxsdk@@2VFbxClassId@2@A) は未解決です
DxLib_vs2015_x64_MT.lib(DxModelLoader1.obj) : error LNK2001: 外部シンボル "public: static class fbxsdk::FbxClassId fbxsdk::FbxProceduralTexture::ClassId" (?ClassId@FbxProceduralTexture@fbxsdk@@2VFbxClassId@2@A) は未解決です
DxLib_vs2015_x64_MT.lib(DxModelLoader1.obj) : error LNK2001: 外部シンボル "public: static class fbxsdk::FbxClassId fbxsdk::FbxSurfaceLambert::ClassId" (?ClassId@FbxSurfaceLambert@fbxsdk@@2VFbxClassId@2@A) は未解決です
DxLib_vs2015_x64_MT.lib(DxModelLoader1.obj) : error LNK2001: 外部シンボル "public: static class fbxsdk::FbxClassId fbxsdk::FbxSurfacePhong::ClassId" (?ClassId@FbxSurfacePhong@fbxsdk@@2VFbxClassId@2@A) は未解決です
C:\Users\Lemi\Documents\GitHub\SummerGame\randmint_kari\x64\Release\randmint_kari.exe : fatal error LNK1120: 105 件の未解決の外部参照
